============================= test session starts =============================
platform win32 -- Python 3.12.0, pytest-8.3.4, pluggy-1.6.0 -- C:\Program Files (x86)\Python312-32\python.exe
cachedir: .pytest_cache
rootdir: C:\Users\user\Desktop\onet-scraper-pro-main
configfile: pytest.ini
plugins: anyio-4.12.1, Faker-40.1.2, asyncio-1.3.0, base-url-2.1.0, cov-7.0.0, mock-3.15.1, playwright-0.7.2, xdist-3.8.0
asyncio: mode=Mode.AUTO, debug=False, asyncio_default_fixture_loop_scope=function, asyncio_default_test_loop_scope=function
collecting ... collected 1 item

tests/test_spiders/test_onet_spider.py::test_parse_item_no_json_ld_uses_fallbacks PASSED [100%]

============================== 1 passed in 0.51s ==============================
